core_cm4.h:1037:22:NVIC_SetPriorityGrouping	24	static
main.c:213:13:shift_reg_clear	8	static
main.c:217:13:shift_reg_push_bit	24	static
main.c:234:13:test_shift_register	16	static
main.c:254:5:main	16	static
main.c:316:13:ADC_callBack	16	static
main.c:323:13:tl_timer_callback	16	static
main.c:327:13:Adjust_Traffic	40	static
main.c:352:13:Traffic_Light	64	static
main.c:402:13:TL_Display	24	static
main.c:412:13:tl_change_state	16	static
main.c:431:13:Car_Gen	56	static
main.c:468:13:Display_Street	56	static
main.c:536:6:vApplicationMallocFailedHook	8	static
main.c:551:6:vApplicationStackOverflowHook	16	static
main.c:565:6:vApplicationIdleHook	16	static
main.c:587:13:prvSetupHardware	24	static
main.c:622:17:poll_adc_function	16	static
main.c:635:13:ADC_setup	40	static
