main.c:129:13:node_pool_init	16	static
main.c:137:22:node_alloc	16	static
main.c:149:13:node_free	16	static
main.c:181:12:safe_printf	16	static
main.c:196:13:list_insert_sorted	32	static
main.c:218:12:list_remove_by_id	40	static
main.c:240:17:list_count	24	static
main.c:253:6:release_dd_task	56	static
main.c:266:6:complete_dd_task	48	static
main.c:273:15:get_active_dd_task_list	48	static
main.c:282:15:get_completed_dd_task_list	48	static
main.c:291:15:get_overdue_dd_task_list	48	static
main.c:303:13:update_priorities	24	static
main.c:323:13:dds_task_func	152	static
main.c:426:13:user_task_0	32	static
main.c:445:13:user_task_1	32	static
main.c:464:13:user_task_2	32	static
main.c:491:13:gen_timer_0_callback	24	static
main.c:501:13:gen_timer_1_callback	24	static
main.c:511:13:gen_timer_2_callback	24	static
main.c:528:13:startup_task	48	static
main.c:554:13:monitor_task	72	static
main.c:601:5:main	64	static
main.c:676:6:vApplicationMallocFailedHook	4	static
main.c:680:6:vApplicationStackOverflowHook	16	static
main.c:686:6:vApplicationIdleHook	4	static
