main.c:142:13:sem_printf	16	static
main.c:162:13:dwt_init	4	static
main.c:171:13:busy_wait_ms	40	static
main.c:190:6:insert_node	32	static
main.c:218:15:remove_node	32	static
main.c:246:10:get_list_size	24	static
main.c:255:12:get_next_timeout	16	static
main.c:267:6:adjust_priorities	16	static
main.c:280:6:handle_release	48	static
main.c:294:6:handle_complete	24	static
main.c:313:6:handle_deadline_miss	24	static
main.c:331:6:DD_Scheduler_Task	72	static
main.c:370:10:release_dd_task	64	static
main.c:390:6:complete_dd_task	56	static
main.c:401:15:get_active_dd_task_list	56	static
main.c:414:15:get_completed_dd_task_list	56	static
main.c:427:15:get_overdue_dd_task_list	56	static
main.c:439:6:Monitor_Task	48	static
main.c:466:6:User_Defined_Task_1	24	static
main.c:478:6:User_Defined_Task_2	24	static
main.c:490:6:User_Defined_Task_3	24	static
main.c:502:22:get_release_queue	16	static
main.c:514:21:get_task_handle_for	16	static
main.c:526:19:get_period_ticks	16	static
main.c:538:19:get_next_release_min	16	static
main.c:548:13:release_one_task	40	static
main.c:564:13:release_due_tasks	16	static
main.c:587:13:arm_release_timer	32	static
main.c:597:13:release_timer_cb	24	static
main.c:606:6:DD_Generator_Task	32	static
main.c:646:5:main	16	static
main.c:665:6:vApplicationMallocFailedHook	4	static
main.c:669:6:vApplicationStackOverflowHook	16	static
main.c:673:6:vApplicationIdleHook	16	static
